Archive member included to satisfy reference by file (symbol)

.\CortexM3\ARM_GCC_541\Debug\GPS_ExtractV2.a(UART1_RX_ISR.o)
                              .\CortexM3\ARM_GCC_541\Debug\main.o (UART1_RX_ISR_StartEx)
.\CortexM3\ARM_GCC_541\Debug\GPS_ExtractV2.a(PW_GPS.o)
                              .\CortexM3\ARM_GCC_541\Debug\main.o (PW_GPS_Write)
.\CortexM3\ARM_GCC_541\Debug\GPS_ExtractV2.a(CyLib.o)
                              .\CortexM3\ARM_GCC_541\Debug\Cm3Start.o (CyHalt)
.\CortexM3\ARM_GCC_541\Debug\GPS_ExtractV2.a(cyPm.o)
                              .\CortexM3\ARM_GCC_541\Debug\GPS_ExtractV2.a(CyLib.o) (CyPmReadStatus)
.\CortexM3\ARM_GCC_541\Debug\GPS_ExtractV2.a(UART1.o)
                              .\CortexM3\ARM_GCC_541\Debug\main.o (UART1_Start)
.\CortexM3\ARM_GCC_541\Debug\GPS_ExtractV2.a(UART2.o)
                              .\CortexM3\ARM_GCC_541\Debug\main.o (UART2_Start)
.\CortexM3\ARM_GCC_541\Debug\GPS_ExtractV2.a(UART1_IntClock.o)
                              .\CortexM3\ARM_GCC_541\Debug\GPS_ExtractV2.a(UART1.o) (UART1_IntClock_Start)
.\CortexM3\ARM_GCC_541\Debug\GPS_ExtractV2.a(UART2_IntClock.o)
                              .\CortexM3\ARM_GCC_541\Debug\GPS_ExtractV2.a(UART2.o) (UART2_IntClock_Start)
.\CortexM3\ARM_GCC_541\Debug\GPS_ExtractV2.a(CyBootAsmGnu.o)
                              .\CortexM3\ARM_GCC_541\Debug\cyfitter_cfg.o (CyDelayCycles)
.\CortexM3\ARM_GCC_541\Debug\GPS_ExtractV2.a(CyFlash.o)
                              .\CortexM3\ARM_GCC_541\Debug\GPS_ExtractV2.a(cyPm.o) (CyFlash_SetWaitCycles)
.\CortexM3\ARM_GCC_541\Debug\GPS_ExtractV2.a(CySpc.o)
                              .\CortexM3\ARM_GCC_541\Debug\GPS_ExtractV2.a(CyFlash.o) (CySpcStart)
c:/program files (x86)/cypress/psoc creator/4.4/psoc creator/import/gnu/arm/5.4.1/bin/../lib/gcc/arm-none-eabi/5.4.1/../../../../arm-none-eabi/lib/armv7-m\libg_nano.a(lib_a-errno.o)
                              .\CortexM3\ARM_GCC_541\Debug\Cm3Start.o (__errno)
c:/program files (x86)/cypress/psoc creator/4.4/psoc creator/import/gnu/arm/5.4.1/bin/../lib/gcc/arm-none-eabi/5.4.1/../../../../arm-none-eabi/lib/armv7-m\libg_nano.a(lib_a-exit.o)
                              c:/program files (x86)/cypress/psoc creator/4.4/psoc creator/import/gnu/arm/5.4.1/bin/../lib/gcc/arm-none-eabi/5.4.1/../../../../arm-none-eabi/lib/armv7-m/crt0.o (exit)
c:/program files (x86)/cypress/psoc creator/4.4/psoc creator/import/gnu/arm/5.4.1/bin/../lib/gcc/arm-none-eabi/5.4.1/../../../../arm-none-eabi/lib/armv7-m\libg_nano.a(lib_a-impure.o)
                              c:/program files (x86)/cypress/psoc creator/4.4/psoc creator/import/gnu/arm/5.4.1/bin/../lib/gcc/arm-none-eabi/5.4.1/../../../../arm-none-eabi/lib/armv7-m\libg_nano.a(lib_a-exit.o) (_global_impure_ptr)
c:/program files (x86)/cypress/psoc creator/4.4/psoc creator/import/gnu/arm/5.4.1/bin/../lib/gcc/arm-none-eabi/5.4.1/../../../../arm-none-eabi/lib/armv7-m\libg_nano.a(lib_a-init.o)
                              c:/program files (x86)/cypress/psoc creator/4.4/psoc creator/import/gnu/arm/5.4.1/bin/../lib/gcc/arm-none-eabi/5.4.1/../../../../arm-none-eabi/lib/armv7-m/crt0.o (__libc_init_array)
c:/program files (x86)/cypress/psoc creator/4.4/psoc creator/import/gnu/arm/5.4.1/bin/../lib/gcc/arm-none-eabi/5.4.1/../../../../arm-none-eabi/lib/armv7-m\libg_nano.a(lib_a-memcpy-stub.o)
                              .\CortexM3\ARM_GCC_541\Debug\cyfitter_cfg.o (memcpy)
c:/program files (x86)/cypress/psoc creator/4.4/psoc creator/import/gnu/arm/5.4.1/bin/../lib/gcc/arm-none-eabi/5.4.1/../../../../arm-none-eabi/lib/armv7-m\libg_nano.a(lib_a-memset.o)
                              c:/program files (x86)/cypress/psoc creator/4.4/psoc creator/import/gnu/arm/5.4.1/bin/../lib/gcc/arm-none-eabi/5.4.1/../../../../arm-none-eabi/lib/armv7-m/crt0.o (memset)
c:/program files (x86)/cypress/psoc creator/4.4/psoc creator/import/gnu/arm/5.4.1/bin/../lib/gcc/arm-none-eabi/5.4.1/../../../../arm-none-eabi/lib/armv7-m\libg_nano.a(lib_a-snprintf.o)
                              .\CortexM3\ARM_GCC_541\Debug\main.o (snprintf)
c:/program files (x86)/cypress/psoc creator/4.4/psoc creator/import/gnu/arm/5.4.1/bin/../lib/gcc/arm-none-eabi/5.4.1/../../../../arm-none-eabi/lib/armv7-m\libg_nano.a(lib_a-strncmp.o)
                              .\CortexM3\ARM_GCC_541\Debug\main.o (strncmp)
c:/program files (x86)/cypress/psoc creator/4.4/psoc creator/import/gnu/arm/5.4.1/bin/../lib/gcc/arm-none-eabi/5.4.1/../../../../arm-none-eabi/lib/armv7-m\libg_nano.a(lib_a-strncpy.o)
                              .\CortexM3\ARM_GCC_541\Debug\main.o (strncpy)
c:/program files (x86)/cypress/psoc creator/4.4/psoc creator/import/gnu/arm/5.4.1/bin/../lib/gcc/arm-none-eabi/5.4.1/../../../../arm-none-eabi/lib/armv7-m\libg_nano.a(lib_a-strtok.o)
                              .\CortexM3\ARM_GCC_541\Debug\main.o (strtok)
[...]
Memory Configuration

Name             Origin             Length             Attributes
rom              0x00000000         0x00020000         xr
ram              0x1fffc000         0x00008000         xrw
*default*        0x00000000         0xffffffff

Linker script and memory map

LOAD c:/program files (x86)/cypress/psoc creator/4.4/psoc creator/import/gnu/arm/5.4.1/bin/../lib/gcc/arm-none-eabi/5.4.1/armv7-m/crti.o
LOAD c:/program files (x86)/cypress/psoc creator/4.4/psoc creator/import/gnu/arm/5.4.1/bin/../lib/gcc/arm-none-eabi/5.4.1/armv7-m/crtbegin.o
LOAD c:/program files (x86)/cypress/psoc creator/4.4/psoc creator/import/gnu/arm/5.4.1/bin/../lib/gcc/arm-none-eabi/5.4.1/../../../../arm-none-eabi/lib/armv7-m/crt0.o
START GROUP
LOAD .\CortexM3\ARM_GCC_541\Debug\main.o
LOAD .\CortexM3\ARM_GCC_541\Debug\cyfitter_cfg.o
LOAD .\CortexM3\ARM_GCC_541\Debug\cymetadata.o
LOAD .\CortexM3\ARM_GCC_541\Debug\Cm3Start.o
LOAD .\CortexM3\ARM_GCC_541\Debug\GPS_ExtractV2.a
LOAD C:\Program Files (x86)\Cypress\PSoC Creator\4.4\PSoC Creator\psoc\content\cycomponentlibrary\CyComponentLibrary.cylib\CortexM3\ARM_GCC_541\Debug\CyComponentLibrary.a
END GROUP
START GROUP
LOAD c:/program files (x86)/cypress/psoc creator/4.4/psoc creator/import/gnu/arm/5.4.1/bin/../lib/gcc/arm-none-eabi/5.4.1/armv7-m\libgcc.a
LOAD c:/program files (x86)/cypress/psoc creator/4.4/psoc creator/import/gnu/arm/5.4.1/bin/../lib/gcc/arm-none-eabi/5.4.1/../../../../arm-none-eabi/lib/armv7-m\libg_nano.a
LOAD c:/program files (x86)/cypress/psoc creator/4.4/psoc creator/import/gnu/arm/5.4.1/bin/../lib/gcc/arm-none-eabi/5.4.1/../../../../arm-none-eabi/lib/armv7-m\libc_nano.a
END GROUP
START GROUP
LOAD c:/program files (x86)/cypress/psoc creator/4.4/psoc creator/import/gnu/arm/5.4.1/bin/../lib/gcc/arm-none-eabi/5.4.1/armv7-m\libgcc.a
LOAD c:/program files (x86)/cypress/psoc creator/4.4/psoc creator/import/gnu/arm/5.4.1/bin/../lib/gcc/arm-none-eabi/5.4.1/../../../../arm-none-eabi/lib/armv7-m\libc_nano.a
END GROUP
LOAD c:/program files (x86)/cypress/psoc creator/4.4/psoc creator/import/gnu/arm/5.4.1/bin/../lib/gcc/arm-none-eabi/5.4.1/armv7-m/crtend.o
LOAD c:/program files (x86)/cypress/psoc creator/4.4/psoc creator/import/gnu/arm/5.4.1/bin/../lib/gcc/arm-none-eabi/5.4.1/armv7-m/crtn.o
START GROUP
LOAD c:/program files (x86)/cypress/psoc creator/4.4/psoc creator/import/gnu/arm/5.4.1/bin/../lib/gcc/arm-none-eabi/5.4.1/armv7-m\libgcc.a
LOAD c:/program files (x86)/cypress/psoc creator/4.4/psoc creator/import/gnu/arm/5.4.1/bin/../lib/gcc/arm-none-eabi/5.4.1/../../../../arm-none-eabi/lib/armv7-m\libc.a
LOAD c:/program files (x86)/cypress/psoc creator/4.4/psoc creator/import/gnu/arm/5.4.1/bin/../lib/gcc/arm-none-eabi/5.4.1/../../../../arm-none-eabi/lib/armv7-m\libnosys.a
END GROUP
                0x00000000                CY_APPL_ORIGIN = 0x0
                0x00000100                CY_FLASH_ROW_SIZE = 0x100
                0x00000020                CY_ECC_ROW_SIZE = 0x20
                0x00000000                CY_EE_IN_BTLDR = 0x0
                0x00000000                CY_APPL_LOADABLE = 0x0
                0x00000800                CY_EE_SIZE = 0x800
                0x00000001                CY_APPL_NUM = 0x1
                0x00000001                CY_APPL_MAX = 0x1
                0x00000040                CY_METADATA_SIZE = 0x40
                0x00000000                CY_APPL_LOADABLE = 0x0
                0x00000000                CY_CHECKSUM_EXCLUDE_SIZE = ALIGN (0x0, CY_FLASH_ROW_SIZE)
                [!provide]                PROVIDE (__cy_heap_start, _end)
                0x00000001                PROVIDE (__cy_region_num, ((__cy_regions_end - __cy_regions) / 0x10))
                0x20004000                PROVIDE (__cy_stack, (ORIGIN (ram) + LENGTH (ram)))
                [!provide]                PROVIDE (__cy_heap_end, (__cy_stack - 0x800))

.cybootloader   0x00000000        0x0
 *(.cybootloader)
                0x00000000                appl1_start = CY_APPL_ORIGIN?CY_APPL_ORIGIN:ALIGN (CY_FLASH_ROW_SIZE)
                0x0000ff00                appl2_start = (appl1_start + ALIGN ((((LENGTH (rom) - appl1_start) - (0x2 * CY_FLASH_ROW_SIZE)) / 0x2), CY_FLASH_ROW_SIZE))
                0x00000000                appl_start = (CY_APPL_NUM == 0x1)?appl1_start:appl2_start
                0x00000000                ecc_offset = ((appl_start / CY_FLASH_ROW_SIZE) * CY_ECC_ROW_SIZE)
                0x00000000                ee_offset = (CY_APPL_LOADABLE && ! (CY_EE_IN_BTLDR))?((CY_EE_SIZE / CY_APPL_MAX) * (CY_APPL_NUM - 0x1)):0x0
                0x00000800                ee_size = (CY_APPL_LOADABLE && ! (CY_EE_IN_BTLDR))?(CY_EE_SIZE / CY_APPL_MAX):CY_EE_SIZE
                [!provide]                PROVIDE (CY_ECC_OFFSET, ecc_offset)

.text           0x00000000     0x12e6
 CREATE_OBJECT_SYMBOLS
                0x00000000                PROVIDE (__cy_interrupt_vector, RomVectors)
 *(.romvectors)
 .romvectors    0x00000000       0x10 .\CortexM3\ARM_GCC_541\Debug\Cm3Start.o
                0x00000000                RomVectors
                0x00000001                ASSERT ((. != __cy_interrupt_vector), No interrupt vector)
                0x00000001                ASSERT (CY_APPL_ORIGIN?(SIZEOF (.cybootloader) <= CY_APPL_ORIGIN):0x1, Wrong image location)
                0x00000010                PROVIDE (__cy_reset, Reset)
 *(.text.Reset)
 .text.Reset    0x00000010       0x18 .\CortexM3\ARM_GCC_541\Debug\Cm3Start.o
                0x00000010                Reset
                0x00000001                ASSERT ((. != __cy_reset), No reset code)
 *(.dma_init)
                0x00000001                ASSERT ((((appl_start + .) <= 0x10000) || 0x1), DMA Init must be within the first 64k of flash)
 *(.text .text.* .gnu.linkonce.t.*)
 .text          0x00000028       0x5c c:/program files (x86)/cypress/psoc creator/4.4/psoc creator/import/gnu/arm/5.4.1/bin/../lib/gcc/arm-none-eabi/5.4.1/armv7-m/crtbegin.o
 .text.parse_gnrmc_message
                0x00000084       0x84 .\CortexM3\ARM_GCC_541\Debug\main.o
                0x00000084                parse_gnrmc_message
 .text.uart1_rx_isr
                0x00000108       0x54 .\CortexM3\ARM_GCC_541\Debug\main.o
                0x00000108                uart1_rx_isr
 .text.main     0x0000015c       0x9c .\CortexM3\ARM_GCC_541\Debug\main.o
                0x0000015c                main
 .text.CyClockStartupError
                0x000001f8        0x4 .\CortexM3\ARM_GCC_541\Debug\cyfitter_cfg.o
 .text.cfg_write_bytes32
                0x000001fc       0x34 .\CortexM3\ARM_GCC_541\Debug\cyfitter_cfg.o
 .text.AnalogSetDefault
                0x00000230       0x28 .\CortexM3\ARM_GCC_541\Debug\cyfitter_cfg.o
 .text.CYMEMZERO
                0x00000258        0xc .\CortexM3\ARM_GCC_541\Debug\cyfitter_cfg.o
 .text.ClockSetup
                0x00000264       0xc4 .\CortexM3\ARM_GCC_541\Debug\cyfitter_cfg.o
 .text.CYCONFIGCPY
                0x00000328        0x8 .\CortexM3\ARM_GCC_541\Debug\cyfitter_cfg.o
 .text.cyfitter_cfg
                0x00000330       0xfc .\CortexM3\ARM_GCC_541\Debug\cyfitter_cfg.o
                0x00000330                cyfitter_cfg
 .text.IntDefaultHandler
                0x0000042c       0x10 .\CortexM3\ARM_GCC_541\Debug\Cm3Start.o
                0x0000042c                IntDefaultHandler
 .text._sbrk    0x0000043c       0x30 .\CortexM3\ARM_GCC_541\Debug\Cm3Start.o
                0x0000043c                _sbrk
 .text.Start_c  0x0000046c       0x4c .\CortexM3\ARM_GCC_541\Debug\Cm3Start.o
                0x0000046c                Start_c
 .text.initialize_psoc
                0x000004b8       0x68 .\CortexM3\ARM_GCC_541\Debug\Cm3Start.o
                0x000004b8                initialize_psoc
 .text.UART1_RX_ISR_SetVector
                0x00000520        0xc .\CortexM3\ARM_GCC_541\Debug\GPS_ExtractV2.a(UART1_RX_ISR.o)
                0x00000520                UART1_RX_ISR_SetVector
 .text.UART1_RX_ISR_SetPriority
                0x0000052c       0x10 .\CortexM3\ARM_GCC_541\Debug\GPS_ExtractV2.a(UART1_RX_ISR.o)
                0x0000052c                UART1_RX_ISR_SetPriority
 .text.UART1_RX_ISR_Enable
                0x0000053c        0xc .\CortexM3\ARM_GCC_541\Debug\GPS_ExtractV2.a(UART1_RX_ISR.o)
                0x0000053c                UART1_RX_ISR_Enable
 .text.UART1_RX_ISR_Disable
                0x00000548        0xc .\CortexM3\ARM_GCC_541\Debug\GPS_ExtractV2.a(UART1_RX_ISR.o)
                0x00000548                UART1_RX_ISR_Disable
 .text.UART1_RX_ISR_StartEx
                0x00000554       0x1c .\CortexM3\ARM_GCC_541\Debug\GPS_ExtractV2.a(UART1_RX_ISR.o)
                0x00000554                UART1_RX_ISR_StartEx
 .text.PW_GPS_Write
                0x00000570       0x18 .\CortexM3\ARM_GCC_541\Debug\GPS_ExtractV2.a(PW_GPS.o)
                0x00000570                PW_GPS_Write
 .text.CyHalt   0x00000588        0x4 .\CortexM3\ARM_GCC_541\Debug\GPS_ExtractV2.a(CyLib.o)
                0x00000588                CyHalt
 .text.CyIntSetSysVector
                0x0000058c       0x28 .\CortexM3\ARM_GCC_541\Debug\GPS_ExtractV2.a(CyLib.o)
                0x0000058c                CyIntSetSysVector
 .text.CySysTickEnableInterrupt
                0x000005b4       0x10 .\CortexM3\ARM_GCC_541\Debug\GPS_ExtractV2.a(CyLib.o)
                0x000005b4                CySysTickEnableInterrupt
 .text.CySysTickEnable
                0x000005c4       0x18 .\CortexM3\ARM_GCC_541\Debug\GPS_ExtractV2.a(CyLib.o)
                0x000005c4                CySysTickEnable
 .text.CySysTickSetReload
                0x000005dc       0x10 .\CortexM3\ARM_GCC_541\Debug\GPS_ExtractV2.a(CyLib.o)
                0x000005dc                CySysTickSetReload
 .text.CySysTickGetValue
                0x000005ec       0x10 .\CortexM3\ARM_GCC_541\Debug\GPS_ExtractV2.a(CyLib.o)
                0x000005ec                CySysTickGetValue
 .text.CySysTickSetClockSource
                0x000005fc       0x20 .\CortexM3\ARM_GCC_541\Debug\GPS_ExtractV2.a(CyLib.o)
                0x000005fc                CySysTickSetClockSource
 .text.CySysTickGetCountFlag
                0x0000061c       0x10 .\CortexM3\ARM_GCC_541\Debug\GPS_ExtractV2.a(CyLib.o)
                0x0000061c                CySysTickGetCountFlag
 .text.CySysTickServiceCallbacks
                0x0000062c       0x28 .\CortexM3\ARM_GCC_541\Debug\GPS_ExtractV2.a(CyLib.o)
 .text.CySysTickClear
                0x00000654        0xc .\CortexM3\ARM_GCC_541\Debug\GPS_ExtractV2.a(CyLib.o)
                0x00000654                CySysTickClear
 .text.CySysTickInit
                0x00000660       0x58 .\CortexM3\ARM_GCC_541\Debug\GPS_ExtractV2.a(CyLib.o)
                0x00000660                CySysTickInit
 .text.CySysTickStart
                0x000006b8       0x1c .\CortexM3\ARM_GCC_541\Debug\GPS_ExtractV2.a(CyLib.o)
                0x000006b8                CySysTickStart
 .text.UART1_Init
                0x000006d4       0x28 .\CortexM3\ARM_GCC_541\Debug\GPS_ExtractV2.a(UART1.o)
                0x000006d4                UART1_Init
 .text.UART1_Enable
                0x000006fc       0x38 .\CortexM3\ARM_GCC_541\Debug\GPS_ExtractV2.a(UART1.o)
                0x000006fc                UART1_Enable
 .text.UART1_Start
                0x00000734       0x1c .\CortexM3\ARM_GCC_541\Debug\GPS_ExtractV2.a(UART1.o)
                0x00000734                UART1_Start
 .text.UART1_GetChar
                0x00000750       0x2c .\CortexM3\ARM_GCC_541\Debug\GPS_ExtractV2.a(UART1.o)
                0x00000750                UART1_GetChar
 .text.UART1_GetRxBufferSize
                0x0000077c       0x18 .\CortexM3\ARM_GCC_541\Debug\GPS_ExtractV2.a(UART1.o)
                0x0000077c                UART1_GetRxBufferSize
 .text.UART1_PutChar
                0x00000794       0x18 .\CortexM3\ARM_GCC_541\Debug\GPS_ExtractV2.a(UART1.o)
                0x00000794                UART1_PutChar
 .text.UART1_PutString
                0x000007ac       0x24 .\CortexM3\ARM_GCC_541\Debug\GPS_ExtractV2.a(UART1.o)
                0x000007ac                UART1_PutString
 .text.UART2_Init
                0x000007d0       0x28 .\CortexM3\ARM_GCC_541\Debug\GPS_ExtractV2.a(UART2.o)
                0x000007d0                UART2_Init
 .text.UART2_Enable
                0x000007f8       0x3c .\CortexM3\ARM_GCC_541\Debug\GPS_ExtractV2.a(UART2.o)
                0x000007f8                UART2_Enable
 .text.UART2_Start
                0x00000834       0x1c .\CortexM3\ARM_GCC_541\Debug\GPS_ExtractV2.a(UART2.o)
                0x00000834                UART2_Start
 .text.UART2_PutChar
                0x00000850       0x18 .\CortexM3\ARM_GCC_541\Debug\GPS_ExtractV2.a(UART2.o)
                0x00000850                UART2_PutChar
 .text.UART2_PutString
                0x00000868       0x24 .\CortexM3\ARM_GCC_541\Debug\GPS_ExtractV2.a(UART2.o)
                0x00000868                UART2_PutString
 .text.UART1_IntClock_Start
                0x0000088c       0x1c .\CortexM3\ARM_GCC_541\Debug\GPS_ExtractV2.a(UART1_IntClock.o)
                0x0000088c                UART1_IntClock_Start
 .text.UART2_IntClock_Start
                0x000008a8       0x1c .\CortexM3\ARM_GCC_541\Debug\GPS_ExtractV2.a(UART2_IntClock.o)
                0x000008a8                UART2_IntClock_Start
 *fill*         0x000008c4        0x4 
 .text          0x000008c8       0x20 .\CortexM3\ARM_GCC_541\Debug\GPS_ExtractV2.a(CyBootAsmGnu.o)
                0x000008c8                CyDelayCycles
                0x000008d8                CyEnterCriticalSection
                0x000008e0                CyExitCriticalSection
 .text.__errno  0x000008e8        0xc c:/program files (x86)/cypress/psoc creator/4.4/psoc creator/import/gnu/arm/5.4.1/bin/../lib/gcc/arm-none-eabi/5.4.1/../../../../arm-none-eabi/lib/armv7-m\libg_nano.a(lib_a-errno.o)
                0x000008e8                __errno
 .text.__libc_init_array
                0x000008f4       0x4c c:/program files (x86)/cypress/psoc creator/4.4/psoc creator/import/gnu/arm/5.4.1/bin/../lib/gcc/arm-none-eabi/5.4.1/../../../../arm-none-eabi/lib/armv7-m\libg_nano.a(lib_a-init.o)
                0x000008f4                __libc_init_array
 .text.memcpy   0x00000940       0x16 c:/program files (x86)/cypress/psoc creator/4.4/psoc creator/import/gnu/arm/5.4.1/bin/../lib/gcc/arm-none-eabi/5.4.1/../../../../arm-none-eabi/lib/armv7-m\libg_nano.a(lib_a-memcpy-stub.o)
                0x00000940                memcpy
 .text.memset   0x00000956       0x10 c:/program files (x86)/cypress/psoc creator/4.4/psoc creator/import/gnu/arm/5.4.1/bin/../lib/gcc/arm-none-eabi/5.4.1/../../../../arm-none-eabi/lib/armv7-m\libg_nano.a(lib_a-memset.o)
                0x00000956                memset
 *fill*         0x00000966        0x2 
 .text.snprintf
                0x00000968       0x64 c:/program files (x86)/cypress/psoc creator/4.4/psoc creator/import/gnu/arm/5.4.1/bin/../lib/gcc/arm-none-eabi/5.4.1/../../../../arm-none-eabi/lib/armv7-m\libg_nano.a(lib_a-snprintf.o)
                0x00000968                sniprintf
                0x00000968                snprintf
 .text.strncmp  0x000009cc       0x2a c:/program files (x86)/cypress/psoc creator/4.4/psoc creator/import/gnu/arm/5.4.1/bin/../lib/gcc/arm-none-eabi/5.4.1/../../../../arm-none-eabi/lib/armv7-m\libg_nano.a(lib_a-strncmp.o)
                0x000009cc                strncmp
 .text.strncpy  0x000009f6       0x26 c:/program files (x86)/cypress/psoc creator/4.4/psoc creator/import/gnu/arm/5.4.1/bin/../lib/gcc/arm-none-eabi/5.4.1/../../../../arm-none-eabi/lib/armv7-m\libg_nano.a(lib_a-strncpy.o)
                0x000009f6                strncpy
 .text.strtok   0x00000a1c       0x64 c:/program files (x86)/cypress/psoc creator/4.4/psoc creator/import/gnu/arm/5.4.1/bin/../lib/gcc/arm-none-eabi/5.4.1/../../../../arm-none-eabi/lib/armv7-m\libg_nano.a(lib_a-strtok.o)
                0x00000a1c                strtok
 .text.__strtok_r
                0x00000a80       0x56 c:/program files (x86)/cypress/psoc creator/4.4/psoc creator/import/gnu/arm/5.4.1/bin/../lib/gcc/arm-none-eabi/5.4.1/../../../../arm-none-eabi/lib/armv7-m\libg_nano.a(lib_a-strtok_r.o)
                0x00000a80                __strtok_r
 *fill*         0x00000ad6        0x2 
 .text.malloc   0x00000ad8       0x10 c:/program files (x86)/cypress/psoc creator/4.4/psoc creator/import/gnu/arm/5.4.1/bin/../lib/gcc/arm-none-eabi/5.4.1/../../../../arm-none-eabi/lib/armv7-m\libg_nano.a(lib_a-malloc.o)
                0x00000ad8                malloc
 .text._free_r  0x00000ae8       0x98 c:/program files (x86)/cypress/psoc creator/4.4/psoc creator/import/gnu/arm/5.4.1/bin/../lib/gcc/arm-none-eabi/5.4.1/../../../../arm-none-eabi/lib/armv7-m\libg_nano.a(lib_a-nano-freer.o)
                0x00000ae8                _free_r
 .text._malloc_r
                0x00000b80       0xbc c:/program files (x86)/cypress/psoc creator/4.4/psoc creator/import/gnu/arm/5.4.1/bin/../lib/gcc/arm-none-eabi/5.4.1/../../../../arm-none-eabi/lib/armv7-m\libg_nano.a(lib_a-nano-mallocr.o)
                0x00000b80                _malloc_r
 .text.__ssputs_r
                0x00000c3c       0xb2 c:/program files (x86)/cypress/psoc creator/4.4/psoc creator/import/gnu/arm/5.4.1/bin/../lib/gcc/arm-none-eabi/5.4.1/../../../../arm-none-eabi/lib/armv7-m\libg_nano.a(lib_a-nano-svfprintf.o)
                0x00000c3c                __ssputs_r
 *fill*         0x00000cee        0x2 
 .text._svfprintf_r
                0x00000cf0      0x1e8 c:/program files (x86)/cypress/psoc creator/4.4/psoc creator/import/gnu/arm/5.4.1/bin/../lib/gcc/arm-none-eabi/5.4.1/../../../../arm-none-eabi/lib/armv7-m\libg_nano.a(lib_a-nano-svfprintf.o)
                0x00000cf0                _svfiprintf_r
                0x00000cf0                _svfprintf_r
 .text._printf_common
                0x00000ed8       0xec c:/program files (x86)/cypress/psoc creator/4.4/psoc creator/import/gnu/arm/5.4.1/bin/../lib/gcc/arm-none-eabi/5.4.1/../../../../arm-none-eabi/lib/armv7-m\libg_nano.a(lib_a-nano-vfprintf_i.o)
                0x00000ed8                _printf_common
 .text._printf_i
                0x00000fc4      0x24c c:/program files (x86)/cypress/psoc creator/4.4/psoc creator/import/gnu/arm/5.4.1/bin/../lib/gcc/arm-none-eabi/5.4.1/../../../../arm-none-eabi/lib/armv7-m\libg_nano.a(lib_a-nano-vfprintf_i.o)
                0x00000fc4                _printf_i
 .text._sbrk_r  0x00001210       0x20 c:/program files (x86)/cypress/psoc creator/4.4/psoc creator/import/gnu/arm/5.4.1/bin/../lib/gcc/arm-none-eabi/5.4.1/../../../../arm-none-eabi/lib/armv7-m\libg_nano.a(lib_a-sbrkr.o)
                0x00001210                _sbrk_r
 .text.memchr   0x00001230       0x1c c:/program files (x86)/cypress/psoc creator/4.4/psoc creator/import/gnu/arm/5.4.1/bin/../lib/gcc/arm-none-eabi/5.4.1/../../../../arm-none-eabi/lib/armv7-m\libg_nano.a(lib_a-memchr-stub.o)
                0x00001230                memchr
 .text.memmove  0x0000124c       0x36 c:/program files (x86)/cypress/psoc creator/4.4/psoc creator/import/gnu/arm/5.4.1/bin/../lib/gcc/arm-none-eabi/5.4.1/../../../../arm-none-eabi/lib/armv7-m\libg_nano.a(lib_a-memmove.o)
                0x0000124c                memmove
 .text.__malloc_lock
                0x00001282        0x2 c:/program files (x86)/cypress/psoc creator/4.4/psoc creator/import/gnu/arm/5.4.1/bin/../lib/gcc/arm-none-eabi/5.4.1/../../../../arm-none-eabi/lib/armv7-m\libg_nano.a(lib_a-mlock.o)
                0x00001282                __malloc_lock
 .text.__malloc_unlock
                0x00001284        0x2 c:/program files (x86)/cypress/psoc creator/4.4/psoc creator/import/gnu/arm/5.4.1/bin/../lib/gcc/arm-none-eabi/5.4.1/../../../../arm-none-eabi/lib/armv7-m\libg_nano.a(lib_a-mlock.o)
                0x00001284                __malloc_unlock
 .text._realloc_r
                0x00001286       0x4c c:/program files (x86)/cypress/psoc creator/4.4/psoc creator/import/gnu/arm/5.4.1/bin/../lib/gcc/arm-none-eabi/5.4.1/../../../../arm-none-eabi/lib/armv7-m\libg_nano.a(lib_a-nano-reallocr.o)
                0x00001286                _realloc_r
 .text._malloc_usable_size_r
                0x000012d2       0x14 c:/program files (x86)/cypress/psoc creator/4.4/psoc creator/import/gnu/arm/5.4.1/bin/../lib/gcc/arm-none-eabi/5.4.1/../../../../arm-none-eabi/lib/armv7-m\libg_nano.a(lib_a-nano-msizer.o)
                0x000012d2                _malloc_usable_size_r
 *(.plt)
 *(.gnu.warning)
 *(.glue_7t)
 .glue_7t       0x000012e6        0x0 linker stubs
 *(.glue_7)
 .glue_7        0x000012e6        0x0 linker stubs
 *(.vfp11_veneer)
 .vfp11_veneer  0x000012e6        0x0 linker stubs
 *(.bootloader)
 *(.ARM.extab* .gnu.linkonce.armextab.*)
 *(.gcc_except_table)

.v4_bx          0x000012e8        0x0
 .v4_bx         0x000012e8        0x0 linker stubs

.iplt           0x000012e8        0x0
 .iplt          0x000012e8        0x0 c:/program files (x86)/cypress/psoc creator/4.4/psoc creator/import/gnu/arm/5.4.1/bin/../lib/gcc/arm-none-eabi/5.4.1/armv7-m/crtbegin.o

.eh_frame_hdr
 *(.eh_frame_hdr)

.eh_frame       0x000012e8        0x4
 *(.eh_frame)
 .eh_frame      0x000012e8        0x0 c:/program files (x86)/cypress/psoc creator/4.4/psoc creator/import/gnu/arm/5.4.1/bin/../lib/gcc/arm-none-eabi/5.4.1/armv7-m/crtbegin.o
 .eh_frame      0x000012e8        0x4 c:/program files (x86)/cypress/psoc creator/4.4/psoc creator/import/gnu/arm/5.4.1/bin/../lib/gcc/arm-none-eabi/5.4.1/armv7-m/crtend.o
                [!provide]                PROVIDE (__exidx_start, .)

.ARM.exidx
 *(.ARM.exidx* .gnu.linkonce.armexidx.*)
                0x000012ec                __exidx_end = .

.rodata         0x000012ec      0x15c
 *(.rodata .rodata.* .gnu.linkonce.r.*)
 .rodata.str1.4
                0x000012ec       0xa4 .\CortexM3\ARM_GCC_541\Debug\main.o
                                 0xa2 (size before relaxing)
 .rodata        0x00001390       0x4e .\CortexM3\ARM_GCC_541\Debug\cyfitter_cfg.o
 .rodata.str1.1
                0x000013de        0x2 c:/program files (x86)/cypress/psoc creator/4.4/psoc creator/import/gnu/arm/5.4.1/bin/../lib/gcc/arm-none-eabi/5.4.1/../../../../arm-none-eabi/lib/armv7-m\libg_nano.a(lib_a-impure.o)
 .rodata.str1.1
                0x000013e0       0x11 c:/program files (x86)/cypress/psoc creator/4.4/psoc creator/import/gnu/arm/5.4.1/bin/../lib/gcc/arm-none-eabi/5.4.1/../../../../arm-none-eabi/lib/armv7-m\libg_nano.a(lib_a-nano-svfprintf.o)
 .rodata.str1.1
                0x000013f1       0x22 c:/program files (x86)/cypress/psoc creator/4.4/psoc creator/import/gnu/arm/5.4.1/bin/../lib/gcc/arm-none-eabi/5.4.1/../../../../arm-none-eabi/lib/armv7-m\libg_nano.a(lib_a-nano-vfprintf_i.o)
                0x00001414                . = ALIGN (0x4)
 *fill*         0x00001413        0x1 
 *(.init)
 .init          0x00001414        0x4 c:/program files (x86)/cypress/psoc creator/4.4/psoc creator/import/gnu/arm/5.4.1/bin/../lib/gcc/arm-none-eabi/5.4.1/armv7-m/crti.o
                0x00001414                _init
 .init          0x00001418        0x8 c:/program files (x86)/cypress/psoc creator/4.4/psoc creator/import/gnu/arm/5.4.1/bin/../lib/gcc/arm-none-eabi/5.4.1/armv7-m/crtn.o
                0x00001420                . = ALIGN (0x4)
                0x00001420                __preinit_array_start = .
 *(.preinit_array)
                0x00001420                __preinit_array_end = .
                0x00001420                . = ALIGN (0x4)
                0x00001420                __init_array_start = .
 *(SORT(.init_array.*))
 *(.init_array)
 .init_array    0x00001420        0x4 c:/program files (x86)/cypress/psoc creator/4.4/psoc creator/import/gnu/arm/5.4.1/bin/../lib/gcc/arm-none-eabi/5.4.1/armv7-m/crtbegin.o
 .init_array    0x00001424        0x4 .\CortexM3\ARM_GCC_541\Debug\Cm3Start.o
                0x00001428                __init_array_end = .
                0x00001428                . = ALIGN (0x4)
 *(.fini)
 .fini          0x00001428        0x4 c:/program files (x86)/cypress/psoc creator/4.4/psoc creator/import/gnu/arm/5.4.1/bin/../lib/gcc/arm-none-eabi/5.4.1/armv7-m/crti.o
                0x00001428                _fini
 .fini          0x0000142c        0x8 c:/program files (x86)/cypress/psoc creator/4.4/psoc creator/import/gnu/arm/5.4.1/bin/../lib/gcc/arm-none-eabi/5.4.1/armv7-m/crtn.o
                0x00001434                . = ALIGN (0x4)
                0x00001434                __fini_array_start = .
 *(.fini_array)
 .fini_array    0x00001434        0x4 c:/program files (x86)/cypress/psoc creator/4.4/psoc creator/import/gnu/arm/5.4.1/bin/../lib/gcc/arm-none-eabi/5.4.1/armv7-m/crtbegin.o
 *(SORT(.fini_array.*))
                0x00001438                __fini_array_end = .
                0x00001438                . = ALIGN (0x4)
 *crtbegin.o(.ctors)
 *(EXCLUDE_FILE(*crtend.o) .ctors)
 *(SORT(.ctors.*))
 *crtend.o(.ctors)
                0x00001438                . = ALIGN (0x4)
 *crtbegin.o(.dtors)
 *(EXCLUDE_FILE(*crtend.o) .dtors)
 *(SORT(.dtors.*))
 *crtend.o(.dtors)
                0x00001438                . = ALIGN (0x4)
                0x00001438                __cy_regions = .
                0x00001438        0x4 LONG 0x1448 __cy_region_init_ram
                0x0000143c        0x4 LONG 0x1fffc0c8 __cy_region_start_data
                0x00001440        0x4 LONG 0x80 __cy_region_init_size_ram
                0x00001444        0x4 LONG 0x180 __cy_region_zero_size_ram
                0x00001448                __cy_regions_end = .
                0x00001448                . = ALIGN (0x8)
                0x00001448                _etext = .

.cy_checksum_exclude
                0x00001448        0x0
 *(.cy_checksum_exclude)

.ramvectors     0x1fffc000       0xc0
                0x1fffc000                __cy_region_start_ram = .
 *(.ramvectors)
 .ramvectors    0x1fffc000       0xc0 .\CortexM3\ARM_GCC_541\Debug\Cm3Start.o
                0x1fffc000                CyRamVectors

.noinit         0x1fffc0c0        0x1
 *(.noinit)
 .noinit        0x1fffc0c0        0x1 .\CortexM3\ARM_GCC_541\Debug\GPS_ExtractV2.a(CyLib.o)
                0x1fffc0c0                CyResetStatus

.data           0x1fffc0c8       0x80 load address 0x00001448
                0x1fffc0c8                __cy_region_start_data = .
 *(.jcr)
 .jcr           0x1fffc0c8        0x0 c:/program files (x86)/cypress/psoc creator/4.4/psoc creator/import/gnu/arm/5.4.1/bin/../lib/gcc/arm-none-eabi/5.4.1/armv7-m/crtbegin.o
 .jcr           0x1fffc0c8        0x4 c:/program files (x86)/cypress/psoc creator/4.4/psoc creator/import/gnu/arm/5.4.1/bin/../lib/gcc/arm-none-eabi/5.4.1/armv7-m/crtend.o
 *(.got.plt)
 *(.got)
 *(.shdata)
 *(.data .data.* .gnu.linkonce.d.*)
 .data          0x1fffc0cc        0x4 .\CortexM3\ARM_GCC_541\Debug\Cm3Start.o
 .data          0x1fffc0d0       0x10 .\CortexM3\ARM_GCC_541\Debug\GPS_ExtractV2.a(CyLib.o)
                0x1fffc0d0                cydelay_32k_ms
                0x1fffc0d4                cydelay_freq_khz
                0x1fffc0d8                cydelay_freq_mhz
                0x1fffc0dc                cydelay_freq_hz
 .data.impure_data
                0x1fffc0e0       0x60 c:/program files (x86)/cypress/psoc creator/4.4/psoc creator/import/gnu/arm/5.4.1/bin/../lib/gcc/arm-none-eabi/5.4.1/../../../../arm-none-eabi/lib/armv7-m\libg_nano.a(lib_a-impure.o)
 .data._impure_ptr
                0x1fffc140        0x4 c:/program files (x86)/cypress/psoc creator/4.4/psoc creator/import/gnu/arm/5.4.1/bin/../lib/gcc/arm-none-eabi/5.4.1/../../../../arm-none-eabi/lib/armv7-m\libg_nano.a(lib_a-impure.o)
                0x1fffc140                _impure_ptr
                0x1fffc148                . = ALIGN (0x8)
 *fill*         0x1fffc144        0x4 
 *(.ram)
                0x1fffc148                _edata = .

.igot.plt       0x1fffc148        0x0 load address 0x000014c8
 .igot.plt      0x1fffc148        0x0 c:/program files (x86)/cypress/psoc creator/4.4/psoc creator/import/gnu/arm/5.4.1/bin/../lib/gcc/arm-none-eabi/5.4.1/armv7-m/crtbegin.o

.bss            0x1fffc148      0x180 load address 0x000014c8
                0x1fffc148                PROVIDE (__bss_start__, .)
 *(.shbss)
 *(.bss .bss.* .gnu.linkonce.b.*)
 .bss           0x1fffc148       0x1c c:/program files (x86)/cypress/psoc creator/4.4/psoc creator/import/gnu/arm/5.4.1/bin/../lib/gcc/arm-none-eabi/5.4.1/armv7-m/crtbegin.o
 .bss           0x1fffc164        0x4 .\CortexM3\ARM_GCC_541\Debug\main.o
                0x1fffc164                uart1_rx_buffer_pos
 .bss           0x1fffc168       0x1c .\CortexM3\ARM_GCC_541\Debug\GPS_ExtractV2.a(CyLib.o)
                0x1fffc180                CySysTickInitVar
 .bss           0x1fffc184        0x2 .\CortexM3\ARM_GCC_541\Debug\GPS_ExtractV2.a(UART1.o)
                0x1fffc184                UART1_initVar
 .bss           0x1fffc186        0x2 .\CortexM3\ARM_GCC_541\Debug\GPS_ExtractV2.a(UART2.o)
                0x1fffc186                UART2_initVar
 .bss.__malloc_sbrk_start
                0x1fffc188        0x4 c:/program files (x86)/cypress/psoc creator/4.4/psoc creator/import/gnu/arm/5.4.1/bin/../lib/gcc/arm-none-eabi/5.4.1/../../../../arm-none-eabi/lib/armv7-m\libg_nano.a(lib_a-nano-mallocr.o)
                0x1fffc188                __malloc_sbrk_start
 .bss.__malloc_free_list
                0x1fffc18c        0x4 c:/program files (x86)/cypress/psoc creator/4.4/psoc creator/import/gnu/arm/5.4.1/bin/../lib/gcc/arm-none-eabi/5.4.1/../../../../arm-none-eabi/lib/armv7-m\libg_nano.a(lib_a-nano-mallocr.o)
                0x1fffc18c                __malloc_free_list
 *(COMMON)
 COMMON         0x1fffc190      0x133 .\CortexM3\ARM_GCC_541\Debug\main.o
                0x1fffc190                uart1_rx_buffer
                0x1fffc210                speed_over_ground
                0x1fffc218                longitude
                0x1fffc224                uart2_tx_buffer
                0x1fffc2a4                utc_time
                0x1fffc2b0                latitude
                0x1fffc2bc                date
 *fill*         0x1fffc2c3        0x1 
 COMMON         0x1fffc2c4        0x4 c:/program files (x86)/cypress/psoc creator/4.4/psoc creator/import/gnu/arm/5.4.1/bin/../lib/gcc/arm-none-eabi/5.4.1/../../../../arm-none-eabi/lib/armv7-m\libg_nano.a(lib_a-reent.o)
                0x1fffc2c4                errno
                0x1fffc2c8                . = ALIGN (0x8)
 *(.ram.b)
                0x1fffc2c8                _end = .
                0x1fffc2c8                __end = .
                0x1fffc2c8                PROVIDE (end, .)
                0x1fffc2c8                PROVIDE (__bss_end__, .)
                0x00001448                __cy_region_init_ram = LOADADDR (.data)
                0x00000080                __cy_region_init_size_ram = (_edata - ADDR (.data))
                0x00000180                __cy_region_zero_size_ram = (_end - _edata)

.heap           0x1fffc2c8       0x80 load address 0x000014c8
                0x1fffc2c8                . = _end
                0x1fffc348                . = (. + 0x80)
 *fill*         0x1fffc2c8       0x80 
                0x1fffc348                __cy_heap_limit = .

.stack          0x20003800      0x800
                0x20003800                __cy_stack_limit = .
                0x20004000                . = (. + 0x800)
 *fill*         0x20003800      0x800 
                0x00000001                ASSERT ((__cy_stack_limit >= __cy_heap_limit), region RAM overflowed with stack)
                0x00000000                cy_checksum_exclude_size = (CY_APPL_LOADABLE == 0x1)?SIZEOF (.cy_checksum_exclude):0x0
                0x00000001                ASSERT ((cy_checksum_exclude_size <= CY_CHECKSUM_EXCLUDE_SIZE), CY_BOOT: Section .cy_checksum_exclude size exceedes specified limit.)

.cyloadermeta
 *(.cyloadermeta)

.cyloadablemeta
 *(.cyloadablemeta)

.cyconfigecc    0x80000000      0x5d4
 *(.cyconfigecc)
 .cyconfigecc   0x80000000      0x5d4 .\CortexM3\ARM_GCC_541\Debug\cymetadata.o
                0x80000000                cy_meta_configecc

.cycustnvl      0x90000000        0x4
 *(.cycustnvl)
 .cycustnvl     0x90000000        0x4 .\CortexM3\ARM_GCC_541\Debug\cymetadata.o
                0x90000000                cy_meta_custnvl

.cywolatch      0x90100000        0x4
 *(.cywolatch)
 .cywolatch     0x90100000        0x4 .\CortexM3\ARM_GCC_541\Debug\cymetadata.o
                0x90100000                cy_meta_wonvl

.cyeeprom       0x90200000        0x0
 *(.cyeeprom)
                0x00000001                ASSERT ((. <= ((0x90200000 + ee_offset) + ee_size)), .cyeeprom data will not fit in EEPROM)

.cyflashprotect
                0x90400000       0x80
 *(.cyflashprotect)
 .cyflashprotect
                0x90400000       0x80 .\CortexM3\ARM_GCC_541\Debug\cymetadata.o
                0x90400000                cy_meta_flashprotect

.cymeta         0x90500000        0xc
 *(.cymeta)
 .cymeta        0x90500000        0xc .\CortexM3\ARM_GCC_541\Debug\cymetadata.o
                0x90500000                cy_metadata

.rel.dyn        0x000014c8        0x0 load address 0x9050000c
 .rel.iplt      0x000014c8        0x0 c:/program files (x86)/cypress/psoc creator/4.4/psoc creator/import/gnu/arm/5.4.1/bin/../lib/gcc/arm-none-eabi/5.4.1/armv7-m/crtbegin.o

.stab
 *(.stab)

.stabstr
 *(.stabstr)

.debug
 *(.debug)

.line
 *(.line)

.debug_srcinfo
 *(.debug_srcinfo)

.debug_sfnames
 *(.debug_sfnames)

.debug_aranges  0x00000000      0x8c0
 *(.debug_aranges)
 .debug_aranges
                0x00000000       0x30 .\CortexM3\ARM_GCC_541\Debug\main.o
 .debug_aranges
                0x00000030       0x58 .\CortexM3\ARM_GCC_541\Debug\cyfitter_cfg.o
 .debug_aranges
                0x00000088       0x18 .\CortexM3\ARM_GCC_541\Debug\cymetadata.o
 .debug_aranges
                0x000000a0       0x48 .\CortexM3\ARM_GCC_541\Debug\Cm3Start.o
 .debug_aranges
                0x000000e8       0x80 .\CortexM3\ARM_GCC_541\Debug\GPS_ExtractV2.a(UART1_RX_ISR.o)
 .debug_aranges
                0x00000168       0x38 .\CortexM3\ARM_GCC_541\Debug\GPS_ExtractV2.a(PW_GPS.o)
 .debug_aranges
                0x000001a0      0x2a0 .\CortexM3\ARM_GCC_541\Debug\GPS_ExtractV2.a(CyLib.o)
 .debug_aranges
                0x00000440       0x98 .\CortexM3\ARM_GCC_541\Debug\GPS_ExtractV2.a(cyPm.o)
 .debug_aranges
                0x000004d8       0xf0 .\CortexM3\ARM_GCC_541\Debug\GPS_ExtractV2.a(UART1.o)
 .debug_aranges
                0x000005c8       0xf0 .\CortexM3\ARM_GCC_541\Debug\GPS_ExtractV2.a(UART2.o)
 .debug_aranges
                0x000006b8       0x70 .\CortexM3\ARM_GCC_541\Debug\GPS_ExtractV2.a(UART1_IntClock.o)
 .debug_aranges
                0x00000728       0x70 .\CortexM3\ARM_GCC_541\Debug\GPS_ExtractV2.a(UART2_IntClock.o)
 .debug_aranges
                0x00000798       0x20 .\CortexM3\ARM_GCC_541\Debug\GPS_ExtractV2.a(CyBootAsmGnu.o)
 .debug_aranges
                0x000007b8       0x88 .\CortexM3\ARM_GCC_541\Debug\GPS_ExtractV2.a(CyFlash.o)
 .debug_aranges
                0x00000840       0x80 .\CortexM3\ARM_GCC_541\Debug\GPS_ExtractV2.a(CySpc.o)

.debug_pubnames
 *(.debug_pubnames)

.debug_info     0x00000000     0x4e3e
 *(.debug_info .gnu.linkonce.wi.*)
 .debug_info    0x00000000      0x4ea .\CortexM3\ARM_GCC_541\Debug\main.o
 .debug_info    0x000004ea      0x570 .\CortexM3\ARM_GCC_541\Debug\cyfitter_cfg.o
 .debug_info    0x00000a5a      0x137 .\CortexM3\ARM_GCC_541\Debug\cymetadata.o
 .debug_info    0x00000b91      0x3bb .\CortexM3\ARM_GCC_541\Debug\Cm3Start.o
 .debug_info    0x00000f4c      0x2d2 .\CortexM3\ARM_GCC_541\Debug\GPS_ExtractV2.a(UART1_RX_ISR.o)
 .debug_info    0x0000121e      0x11f .\CortexM3\ARM_GCC_541\Debug\GPS_ExtractV2.a(PW_GPS.o)
 .debug_info    0x0000133d     0x1374 .\CortexM3\ARM_GCC_541\Debug\GPS_ExtractV2.a(CyLib.o)
 .debug_info    0x000026b1      0xa2a .\CortexM3\ARM_GCC_541\Debug\GPS_ExtractV2.a(cyPm.o)
 .debug_info    0x000030db      0x60c .\CortexM3\ARM_GCC_541\Debug\GPS_ExtractV2.a(UART1.o)
 .debug_info    0x000036e7      0x60c .\CortexM3\ARM_GCC_541\Debug\GPS_ExtractV2.a(UART2.o)
 .debug_info    0x00003cf3      0x283 .\CortexM3\ARM_GCC_541\Debug\GPS_ExtractV2.a(UART1_IntClock.o)
 .debug_info    0x00003f76      0x283 .\CortexM3\ARM_GCC_541\Debug\GPS_ExtractV2.a(UART2_IntClock.o)
 .debug_info    0x000041f9       0xa8 .\CortexM3\ARM_GCC_541\Debug\GPS_ExtractV2.a(CyBootAsmGnu.o)
 .debug_info    0x000042a1      0x64d .\CortexM3\ARM_GCC_541\Debug\GPS_ExtractV2.a(CyFlash.o)
 .debug_info    0x000048ee      0x550 .\CortexM3\ARM_GCC_541\Debug\GPS_ExtractV2.a(CySpc.o)

.debug_abbrev   0x00000000     0x1436
 *(.debug_abbrev)
 .debug_abbrev  0x00000000      0x11d .\CortexM3\ARM_GCC_541\Debug\main.o
 .debug_abbrev  0x0000011d      0x20d .\CortexM3\ARM_GCC_541\Debug\cyfitter_cfg.o
 .debug_abbrev  0x0000032a       0x77 .\CortexM3\ARM_GCC_541\Debug\cymetadata.o
 .debug_abbrev  0x000003a1      0x1e8 .\CortexM3\ARM_GCC_541\Debug\Cm3Start.o
 .debug_abbrev  0x00000589      0x173 .\CortexM3\ARM_GCC_541\Debug\GPS_ExtractV2.a(UART1_RX_ISR.o)
 .debug_abbrev  0x000006fc       0x90 .\CortexM3\ARM_GCC_541\Debug\GPS_ExtractV2.a(PW_GPS.o)
 .debug_abbrev  0x0000078c      0x254 .\CortexM3\ARM_GCC_541\Debug\GPS_ExtractV2.a(CyLib.o)
 .debug_abbrev  0x000009e0      0x1ab .\CortexM3\ARM_GCC_541\Debug\GPS_ExtractV2.a(cyPm.o)
 .debug_abbrev  0x00000b8b      0x175 .\CortexM3\ARM_GCC_541\Debug\GPS_ExtractV2.a(UART1.o)
 .debug_abbrev  0x00000d00      0x175 .\CortexM3\ARM_GCC_541\Debug\GPS_ExtractV2.a(UART2.o)
 .debug_abbrev  0x00000e75      0x139 .\CortexM3\ARM_GCC_541\Debug\GPS_ExtractV2.a(UART1_IntClock.o)
 .debug_abbrev  0x00000fae      0x139 .\CortexM3\ARM_GCC_541\Debug\GPS_ExtractV2.a(UART2_IntClock.o)
 .debug_abbrev  0x000010e7       0x14 .\CortexM3\ARM_GCC_541\Debug\GPS_ExtractV2.a(CyBootAsmGnu.o)
 .debug_abbrev  0x000010fb      0x1a7 .\CortexM3\ARM_GCC_541\Debug\GPS_ExtractV2.a(CyFlash.o)
 .debug_abbrev  0x000012a2      0x194 .\CortexM3\ARM_GCC_541\Debug\GPS_ExtractV2.a(CySpc.o)

.debug_line     0x00000000     0x2272
 *(.debug_line)
 .debug_line    0x00000000      0x26a .\CortexM3\ARM_GCC_541\Debug\main.o
 .debug_line    0x0000026a      0x1f4 .\CortexM3\ARM_GCC_541\Debug\cyfitter_cfg.o
 .debug_line    0x0000045e      0x141 .\CortexM3\ARM_GCC_541\Debug\cymetadata.o
 .debug_line    0x0000059f      0x234 .\CortexM3\ARM_GCC_541\Debug\Cm3Start.o
 .debug_line    0x000007d3      0x139 .\CortexM3\ARM_GCC_541\Debug\GPS_ExtractV2.a(UART1_RX_ISR.o)
 .debug_line    0x0000090c       0x93 .\CortexM3\ARM_GCC_541\Debug\GPS_ExtractV2.a(PW_GPS.o)
 .debug_line    0x0000099f      0x816 .\CortexM3\ARM_GCC_541\Debug\GPS_ExtractV2.a(CyLib.o)
 .debug_line    0x000011b5      0x367 .\CortexM3\ARM_GCC_541\Debug\GPS_ExtractV2.a(cyPm.o)
 .debug_line    0x0000151c      0x2be .\CortexM3\ARM_GCC_541\Debug\GPS_ExtractV2.a(UART1.o)
 .debug_line    0x000017da      0x2be .\CortexM3\ARM_GCC_541\Debug\GPS_ExtractV2.a(UART2.o)
 .debug_line    0x00001a98      0x17d .\CortexM3\ARM_GCC_541\Debug\GPS_ExtractV2.a(UART1_IntClock.o)
 .debug_line    0x00001c15      0x17d .\CortexM3\ARM_GCC_541\Debug\GPS_ExtractV2.a(UART2_IntClock.o)
 .debug_line    0x00001d92       0x66 .\CortexM3\ARM_GCC_541\Debug\GPS_ExtractV2.a(CyBootAsmGnu.o)
 .debug_line    0x00001df8      0x21a .\CortexM3\ARM_GCC_541\Debug\GPS_ExtractV2.a(CyFlash.o)
 .debug_line    0x00002012      0x260 .\CortexM3\ARM_GCC_541\Debug\GPS_ExtractV2.a(CySpc.o)

.debug_frame    0x00000000     0x1adc
 *(.debug_frame)
 .debug_frame   0x00000000       0x64 .\CortexM3\ARM_GCC_541\Debug\main.o
 .debug_frame   0x00000064       0xe4 .\CortexM3\ARM_GCC_541\Debug\cyfitter_cfg.o
 .debug_frame   0x00000148       0xb8 .\CortexM3\ARM_GCC_541\Debug\Cm3Start.o
 .debug_frame   0x00000200      0x104 .\CortexM3\ARM_GCC_541\Debug\GPS_ExtractV2.a(UART1_RX_ISR.o)
 .debug_frame   0x00000304       0x50 .\CortexM3\ARM_GCC_541\Debug\GPS_ExtractV2.a(PW_GPS.o)
 .debug_frame   0x00000354      0x738 .\CortexM3\ARM_GCC_541\Debug\GPS_ExtractV2.a(CyLib.o)
 .debug_frame   0x00000a8c      0x1f8 .\CortexM3\ARM_GCC_541\Debug\GPS_ExtractV2.a(cyPm.o)
 .debug_frame   0x00000c84      0x250 .\CortexM3\ARM_GCC_541\Debug\GPS_ExtractV2.a(UART1.o)
 .debug_frame   0x00000ed4      0x250 .\CortexM3\ARM_GCC_541\Debug\GPS_ExtractV2.a(UART2.o)
 .debug_frame   0x00001124       0xe0 .\CortexM3\ARM_GCC_541\Debug\GPS_ExtractV2.a(UART1_IntClock.o)
 .debug_frame   0x00001204       0xe0 .\CortexM3\ARM_GCC_541\Debug\GPS_ExtractV2.a(UART2_IntClock.o)
 .debug_frame   0x000012e4      0x194 .\CortexM3\ARM_GCC_541\Debug\GPS_ExtractV2.a(CyFlash.o)
 .debug_frame   0x00001478      0x180 .\CortexM3\ARM_GCC_541\Debug\GPS_ExtractV2.a(CySpc.o)
 .debug_frame   0x000015f8       0x20 c:/program files (x86)/cypress/psoc creator/4.4/psoc creator/import/gnu/arm/5.4.1/bin/../lib/gcc/arm-none-eabi/5.4.1/../../../../arm-none-eabi/lib/armv7-m\libg_nano.a(lib_a-errno.o)
 .debug_frame   0x00001618       0x28 c:/program files (x86)/cypress/psoc creator/4.4/psoc creator/import/gnu/arm/5.4.1/bin/../lib/gcc/arm-none-eabi/5.4.1/../../../../arm-none-eabi/lib/armv7-m\libg_nano.a(lib_a-exit.o)
 .debug_frame   0x00001640       0x2c c:/program files (x86)/cypress/psoc creator/4.4/psoc creator/import/gnu/arm/5.4.1/bin/../lib/gcc/arm-none-eabi/5.4.1/../../../../arm-none-eabi/lib/armv7-m\libg_nano.a(lib_a-init.o)
 .debug_frame   0x0000166c       0x28 c:/program files (x86)/cypress/psoc creator/4.4/psoc creator/import/gnu/arm/5.4.1/bin/../lib/gcc/arm-none-eabi/5.4.1/../../../../arm-none-eabi/lib/armv7-m\libg_nano.a(lib_a-memcpy-stub.o)
 .debug_frame   0x00001694       0x20 c:/program files (x86)/cypress/psoc creator/4.4/psoc creator/import/gnu/arm/5.4.1/bin/../lib/gcc/arm-none-eabi/5.4.1/../../../../arm-none-eabi/lib/armv7-m\libg_nano.a(lib_a-memset.o)
 .debug_frame   0x000016b4       0x74 c:/program files (x86)/cypress/psoc creator/4.4/psoc creator/import/gnu/arm/5.4.1/bin/../lib/gcc/arm-none-eabi/5.4.1/../../../../arm-none-eabi/lib/armv7-m\libg_nano.a(lib_a-snprintf.o)
 .debug_frame   0x00001728       0x2c c:/program files (x86)/cypress/psoc creator/4.4/psoc creator/import/gnu/arm/5.4.1/bin/../lib/gcc/arm-none-eabi/5.4.1/../../../../arm-none-eabi/lib/armv7-m\libg_nano.a(lib_a-strncmp.o)
 .debug_frame   0x00001754       0x28 c:/program files (x86)/cypress/psoc creator/4.4/psoc creator/import/gnu/arm/5.4.1/bin/../lib/gcc/arm-none-eabi/5.4.1/../../../../arm-none-eabi/lib/armv7-m\libg_nano.a(lib_a-strncpy.o)
 .debug_frame   0x0000177c       0x38 c:/program files (x86)/cypress/psoc creator/4.4/psoc creator/import/gnu/arm/5.4.1/bin/../lib/gcc/arm-none-eabi/5.4.1/../../../../arm-none-eabi/lib/armv7-m\libg_nano.a(lib_a-strtok.o)
 .debug_frame   0x000017b4       0x40 c:/program files (x86)/cypress/psoc creator/4.4/psoc creator/import/gnu/arm/5.4.1/bin/../lib/gcc/arm-none-eabi/5.4.1/../../../../arm-none-eabi/lib/armv7-m\libg_nano.a(lib_a-strtok_r.o)
 .debug_frame   0x000017f4       0x30 c:/program files (x86)/cypress/psoc creator/4.4/psoc creator/import/gnu/arm/5.4.1/bin/../lib/gcc/arm-none-eabi/5.4.1/../../../../arm-none-eabi/lib/armv7-m\libg_nano.a(lib_a-malloc.o)
 .debug_frame   0x00001824       0x38 c:/program files (x86)/cypress/psoc creator/4.4/psoc creator/import/gnu/arm/5.4.1/bin/../lib/gcc/arm-none-eabi/5.4.1/../../../../arm-none-eabi/lib/armv7-m\libg_nano.a(lib_a-nano-freer.o)
 .debug_frame   0x0000185c       0x2c c:/program files (x86)/cypress/psoc creator/4.4/psoc creator/import/gnu/arm/5.4.1/bin/../lib/gcc/arm-none-eabi/5.4.1/../../../../arm-none-eabi/lib/armv7-m\libg_nano.a(lib_a-nano-mallocr.o)
 .debug_frame   0x00001888       0x90 c:/program files (x86)/cypress/psoc creator/4.4/psoc creator/import/gnu/arm/5.4.1/bin/../lib/gcc/arm-none-eabi/5.4.1/../../../../arm-none-eabi/lib/armv7-m\libg_nano.a(lib_a-nano-svfprintf.o)
 .debug_frame   0x00001918       0x60 c:/program files (x86)/cypress/psoc creator/4.4/psoc creator/import/gnu/arm/5.4.1/bin/../lib/gcc/arm-none-eabi/5.4.1/../../../../arm-none-eabi/lib/armv7-m\libg_nano.a(lib_a-nano-vfprintf_i.o)
 .debug_frame   0x00001978       0x2c c:/program files (x86)/cypress/psoc creator/4.4/psoc creator/import/gnu/arm/5.4.1/bin/../lib/gcc/arm-none-eabi/5.4.1/../../../../arm-none-eabi/lib/armv7-m\libg_nano.a(lib_a-sbrkr.o)
 .debug_frame   0x000019a4       0x28 c:/program files (x86)/cypress/psoc creator/4.4/psoc creator/import/gnu/arm/5.4.1/bin/../lib/gcc/arm-none-eabi/5.4.1/../../../../arm-none-eabi/lib/armv7-m\libg_nano.a(lib_a-memchr-stub.o)
 .debug_frame   0x000019cc       0x28 c:/program files (x86)/cypress/psoc creator/4.4/psoc creator/import/gnu/arm/5.4.1/bin/../lib/gcc/arm-none-eabi/5.4.1/../../../../arm-none-eabi/lib/armv7-m\libg_nano.a(lib_a-memmove.o)
 .debug_frame   0x000019f4       0x30 c:/program files (x86)/cypress/psoc creator/4.4/psoc creator/import/gnu/arm/5.4.1/bin/../lib/gcc/arm-none-eabi/5.4.1/../../../../arm-none-eabi/lib/armv7-m\libg_nano.a(lib_a-mlock.o)
 .debug_frame   0x00001a24       0x3c c:/program files (x86)/cypress/psoc creator/4.4/psoc creator/import/gnu/arm/5.4.1/bin/../lib/gcc/arm-none-eabi/5.4.1/../../../../arm-none-eabi/lib/armv7-m\libg_nano.a(lib_a-nano-reallocr.o)
 .debug_frame   0x00001a60       0x5c c:/program files (x86)/cypress/psoc creator/4.4/psoc creator/import/gnu/arm/5.4.1/bin/../lib/gcc/arm-none-eabi/5.4.1/../../../../arm-none-eabi/lib/armv7-m\libg_nano.a(lib_a-reent.o)
 .debug_frame   0x00001abc       0x20 c:/program files (x86)/cypress/psoc creator/4.4/psoc creator/import/gnu/arm/5.4.1/bin/../lib/gcc/arm-none-eabi/5.4.1/../../../../arm-none-eabi/lib/armv7-m\libg_nano.a(lib_a-nano-msizer.o)

.debug_str      0x00000000     0x1d63
 *(.debug_str)
 .debug_str     0x00000000      0x2e2 .\CortexM3\ARM_GCC_541\Debug\main.o
                                0x33b (size before relaxing)
 .debug_str     0x000002e2      0x1b6 .\CortexM3\ARM_GCC_541\Debug\cyfitter_cfg.o
                                0x35c (size before relaxing)
 .debug_str     0x00000498       0x7f .\CortexM3\ARM_GCC_541\Debug\cymetadata.o
                                0x1fc (size before relaxing)
 .debug_str     0x00000517      0x144 .\CortexM3\ARM_GCC_541\Debug\Cm3Start.o
                                0x322 (size before relaxing)
 .debug_str     0x0000065b      0x14b .\CortexM3\ARM_GCC_541\Debug\GPS_ExtractV2.a(UART1_RX_ISR.o)
                                0x320 (size before relaxing)
 .debug_str     0x000007a6       0x63 .\CortexM3\ARM_GCC_541\Debug\GPS_ExtractV2.a(PW_GPS.o)
                                0x1ff (size before relaxing)
 .debug_str     0x00000809      0x816 .\CortexM3\ARM_GCC_541\Debug\GPS_ExtractV2.a(CyLib.o)
                                0xa5f (size before relaxing)
 .debug_str     0x0000101f      0x365 .\CortexM3\ARM_GCC_541\Debug\GPS_ExtractV2.a(cyPm.o)
                                0x74b (size before relaxing)
 .debug_str     0x00001384      0x286 .\CortexM3\ARM_GCC_541\Debug\GPS_ExtractV2.a(UART1.o)
                                0x4ac (size before relaxing)
 .debug_str     0x0000160a      0x22a .\CortexM3\ARM_GCC_541\Debug\GPS_ExtractV2.a(UART2.o)
                                0x4ac (size before relaxing)
 .debug_str     0x00001834      0x18d .\CortexM3\ARM_GCC_541\Debug\GPS_ExtractV2.a(UART1_IntClock.o)
                                0x35a (size before relaxing)
 .debug_str     0x000019c1      0x142 .\CortexM3\ARM_GCC_541\Debug\GPS_ExtractV2.a(UART2_IntClock.o)
                                0x35a (size before relaxing)
 .debug_str     0x00001b03      0x1b4 .\CortexM3\ARM_GCC_541\Debug\GPS_ExtractV2.a(CyFlash.o)
                                0x3d8 (size before relaxing)
 .debug_str     0x00001cb7       0xac .\CortexM3\ARM_GCC_541\Debug\GPS_ExtractV2.a(CySpc.o)
                                0x350 (size before relaxing)

.debug_loc      0x00000000     0x22c5
 *(.debug_loc)
 .debug_loc     0x00000000       0xdf .\CortexM3\ARM_GCC_541\Debug\main.o
 .debug_loc     0x000000df      0x25a .\CortexM3\ARM_GCC_541\Debug\cyfitter_cfg.o
 .debug_loc     0x00000339      0x144 .\CortexM3\ARM_GCC_541\Debug\Cm3Start.o
 .debug_loc     0x0000047d       0x56 .\CortexM3\ARM_GCC_541\Debug\GPS_ExtractV2.a(UART1_RX_ISR.o)
 .debug_loc     0x000004d3       0x42 .\CortexM3\ARM_GCC_541\Debug\GPS_ExtractV2.a(PW_GPS.o)
 .debug_loc     0x00000515      0xa11 .\CortexM3\ARM_GCC_541\Debug\GPS_ExtractV2.a(CyLib.o)
 .debug_loc     0x00000f26      0x1e4 .\CortexM3\ARM_GCC_541\Debug\GPS_ExtractV2.a(cyPm.o)
 .debug_loc     0x0000110a      0x258 .\CortexM3\ARM_GCC_541\Debug\GPS_ExtractV2.a(UART1.o)
 .debug_loc     0x00001362      0x258 .\CortexM3\ARM_GCC_541\Debug\GPS_ExtractV2.a(UART2.o)
 .debug_loc     0x000015ba      0x12c .\CortexM3\ARM_GCC_541\Debug\GPS_ExtractV2.a(UART1_IntClock.o)
 .debug_loc     0x000016e6      0x128 .\CortexM3\ARM_GCC_541\Debug\GPS_ExtractV2.a(UART2_IntClock.o)
 .debug_loc     0x0000180e      0x3b2 .\CortexM3\ARM_GCC_541\Debug\GPS_ExtractV2.a(CyFlash.o)
 .debug_loc     0x00001bc0      0x705 .\CortexM3\ARM_GCC_541\Debug\GPS_ExtractV2.a(CySpc.o)

.debug_macinfo
 *(.debug_macinfo)

.debug_ranges   0x00000000      0x7b8
 *(.debug_ranges)
 .debug_ranges  0x00000000       0x20 .\CortexM3\ARM_GCC_541\Debug\main.o
 .debug_ranges  0x00000020       0x48 .\CortexM3\ARM_GCC_541\Debug\cyfitter_cfg.o
 .debug_ranges  0x00000068       0x38 .\CortexM3\ARM_GCC_541\Debug\Cm3Start.o
 .debug_ranges  0x000000a0       0x70 .\CortexM3\ARM_GCC_541\Debug\GPS_ExtractV2.a(UART1_RX_ISR.o)
 .debug_ranges  0x00000110       0x28 .\CortexM3\ARM_GCC_541\Debug\GPS_ExtractV2.a(PW_GPS.o)
 .debug_ranges  0x00000138      0x290 .\CortexM3\ARM_GCC_541\Debug\GPS_ExtractV2.a(CyLib.o)
 .debug_ranges  0x000003c8       0x88 .\CortexM3\ARM_GCC_541\Debug\GPS_ExtractV2.a(cyPm.o)
 .debug_ranges  0x00000450       0xe0 .\CortexM3\ARM_GCC_541\Debug\GPS_ExtractV2.a(UART1.o)
 .debug_ranges  0x00000530       0xe0 .\CortexM3\ARM_GCC_541\Debug\GPS_ExtractV2.a(UART2.o)
 .debug_ranges  0x00000610       0x60 .\CortexM3\ARM_GCC_541\Debug\GPS_ExtractV2.a(UART1_IntClock.o)
 .debug_ranges  0x00000670       0x60 .\CortexM3\ARM_GCC_541\Debug\GPS_ExtractV2.a(UART2_IntClock.o)
 .debug_ranges  0x000006d0       0x78 .\CortexM3\ARM_GCC_541\Debug\GPS_ExtractV2.a(CyFlash.o)
 .debug_ranges  0x00000748       0x70 .\CortexM3\ARM_GCC_541\Debug\GPS_ExtractV2.a(CySpc.o)

.comment        0x00000000       0x6e
 .comment       0x00000000       0x6e .\CortexM3\ARM_GCC_541\Debug\main.o
                                 0x6f (size before relaxing)
 .comment       0x0000006e       0x6f .\CortexM3\ARM_GCC_541\Debug\cyfitter_cfg.o
 .comment       0x0000006e       0x6f .\CortexM3\ARM_GCC_541\Debug\cymetadata.o
 .comment       0x0000006e       0x6f .\CortexM3\ARM_GCC_541\Debug\Cm3Start.o
 .comment       0x0000006e       0x6f .\CortexM3\ARM_GCC_541\Debug\GPS_ExtractV2.a(UART1_RX_ISR.o)
 .comment       0x0000006e       0x6f .\CortexM3\ARM_GCC_541\Debug\GPS_ExtractV2.a(PW_GPS.o)
 .comment       0x0000006e       0x6f .\CortexM3\ARM_GCC_541\Debug\GPS_ExtractV2.a(CyLib.o)
 .comment       0x0000006e       0x6f .\CortexM3\ARM_GCC_541\Debug\GPS_ExtractV2.a(cyPm.o)
 .comment       0x0000006e       0x6f .\CortexM3\ARM_GCC_541\Debug\GPS_ExtractV2.a(UART1.o)
 .comment       0x0000006e       0x6f .\CortexM3\ARM_GCC_541\Debug\GPS_ExtractV2.a(UART2.o)
 .comment       0x0000006e       0x6f .\CortexM3\ARM_GCC_541\Debug\GPS_ExtractV2.a(UART1_IntClock.o)
 .comment       0x0000006e       0x6f .\CortexM3\ARM_GCC_541\Debug\GPS_ExtractV2.a(UART2_IntClock.o)
 .comment       0x0000006e       0x6f .\CortexM3\ARM_GCC_541\Debug\GPS_ExtractV2.a(CyFlash.o)
 .comment       0x0000006e       0x6f .\CortexM3\ARM_GCC_541\Debug\GPS_ExtractV2.a(CySpc.o)

.debug_weaknames
 *(.debug_weaknames)

.debug_funcnames
 *(.debug_funcnames)

.debug_typenames
 *(.debug_typenames)

.debug_varnames
 *(.debug_varnames)

.note.gnu.arm.ident
 *(.note.gnu.arm.ident)

.ARM.attributes
                0x00000000       0x29
 *(.ARM.attributes)
 .ARM.attributes
                0x00000000       0x1d c:/program files (x86)/cypress/psoc creator/4.4/psoc creator/import/gnu/arm/5.4.1/bin/../lib/gcc/arm-none-eabi/5.4.1/armv7-m/crti.o
 .ARM.attributes
                0x0000001d       0x2d c:/program files (x86)/cypress/psoc creator/4.4/psoc creator/import/gnu/arm/5.4.1/bin/../lib/gcc/arm-none-eabi/5.4.1/armv7-m/crtbegin.o
 .ARM.attributes
                0x0000004a       0x1b c:/program files (x86)/cypress/psoc creator/4.4/psoc creator/import/gnu/arm/5.4.1/bin/../lib/gcc/arm-none-eabi/5.4.1/../../../../arm-none-eabi/lib/armv7-m/crt0.o
 .ARM.attributes
                0x00000065       0x33 .\CortexM3\ARM_GCC_541\Debug\main.o
 .ARM.attributes
                0x00000098       0x33 .\CortexM3\ARM_GCC_541\Debug\cyfitter_cfg.o
 .ARM.attributes
                0x000000cb       0x33 .\CortexM3\ARM_GCC_541\Debug\cymetadata.o
 .ARM.attributes
                0x000000fe       0x33 .\CortexM3\ARM_GCC_541\Debug\Cm3Start.o
 .ARM.attributes
                0x00000131       0x33 .\CortexM3\ARM_GCC_541\Debug\GPS_ExtractV2.a(UART1_RX_ISR.o)
 .ARM.attributes
                0x00000164       0x33 .\CortexM3\ARM_GCC_541\Debug\GPS_ExtractV2.a(PW_GPS.o)
 .ARM.attributes
                0x00000197       0x33 .\CortexM3\ARM_GCC_541\Debug\GPS_ExtractV2.a(CyLib.o)
 .ARM.attributes
                0x000001ca       0x33 .\CortexM3\ARM_GCC_541\Debug\GPS_ExtractV2.a(cyPm.o)
 .ARM.attributes
                0x000001fd       0x33 .\CortexM3\ARM_GCC_541\Debug\GPS_ExtractV2.a(UART1.o)
 .ARM.attributes
                0x00000230       0x33 .\CortexM3\ARM_GCC_541\Debug\GPS_ExtractV2.a(UART2.o)
 .ARM.attributes
                0x00000263       0x33 .\CortexM3\ARM_GCC_541\Debug\GPS_ExtractV2.a(UART1_IntClock.o)
 .ARM.attributes
                0x00000296       0x33 .\CortexM3\ARM_GCC_541\Debug\GPS_ExtractV2.a(UART2_IntClock.o)
 .ARM.attributes
                0x000002c9       0x21 .\CortexM3\ARM_GCC_541\Debug\GPS_ExtractV2.a(CyBootAsmGnu.o)
 .ARM.attributes
                0x000002ea       0x33 .\CortexM3\ARM_GCC_541\Debug\GPS_ExtractV2.a(CyFlash.o)
 .ARM.attributes
                0x0000031d       0x33 .\CortexM3\ARM_GCC_541\Debug\GPS_ExtractV2.a(CySpc.o)
 .ARM.attributes
                0x00000350       0x2d c:/program files (x86)/cypress/psoc creator/4.4/psoc creator/import/gnu/arm/5.4.1/bin/../lib/gcc/arm-none-eabi/5.4.1/../../../../arm-none-eabi/lib/armv7-m\libg_nano.a(lib_a-errno.o)
 .ARM.attributes
                0x0000037d       0x2d c:/program files (x86)/cypress/psoc creator/4.4/psoc creator/import/gnu/arm/5.4.1/bin/../lib/gcc/arm-none-eabi/5.4.1/../../../../arm-none-eabi/lib/armv7-m\libg_nano.a(lib_a-exit.o)
 .ARM.attributes
                0x000003aa       0x2d c:/program files (x86)/cypress/psoc creator/4.4/psoc creator/import/gnu/arm/5.4.1/bin/../lib/gcc/arm-none-eabi/5.4.1/../../../../arm-none-eabi/lib/armv7-m\libg_nano.a(lib_a-impure.o)
 .ARM.attributes
                0x000003d7       0x2d c:/program files (x86)/cypress/psoc creator/4.4/psoc creator/import/gnu/arm/5.4.1/bin/../lib/gcc/arm-none-eabi/5.4.1/../../../../arm-none-eabi/lib/armv7-m\libg_nano.a(lib_a-init.o)
 .ARM.attributes
                0x00000404       0x2d c:/program files (x86)/cypress/psoc creator/4.4/psoc creator/import/gnu/arm/5.4.1/bin/../lib/gcc/arm-none-eabi/5.4.1/../../../../arm-none-eabi/lib/armv7-m\libg_nano.a(lib_a-memcpy-stub.o)
 .ARM.attributes
                0x00000431       0x2d c:/program files (x86)/cypress/psoc creator/4.4/psoc creator/import/gnu/arm/5.4.1/bin/../lib/gcc/arm-none-eabi/5.4.1/../../../../arm-none-eabi/lib/armv7-m\libg_nano.a(lib_a-memset.o)
 .ARM.attributes
                0x0000045e       0x2d c:/program files (x86)/cypress/psoc creator/4.4/psoc creator/import/gnu/arm/5.4.1/bin/../lib/gcc/arm-none-eabi/5.4.1/../../../../arm-none-eabi/lib/armv7-m\libg_nano.a(lib_a-snprintf.o)
 .ARM.attributes
                0x0000048b       0x2d c:/program files (x86)/cypress/psoc creator/4.4/psoc creator/import/gnu/arm/5.4.1/bin/../lib/gcc/arm-none-eabi/5.4.1/../../../../arm-none-eabi/lib/armv7-m\libg_nano.a(lib_a-strncmp.o)
 .ARM.attributes
                0x000004b8       0x2d c:/program files (x86)/cypress/psoc creator/4.4/psoc creator/import/gnu/arm/5.4.1/bin/../lib/gcc/arm-none-eabi/5.4.1/../../../../arm-none-eabi/lib/armv7-m\libg_nano.a(lib_a-strncpy.o)
 .ARM.attributes
                0x000004e5       0x2d c:/program files (x86)/cypress/psoc creator/4.4/psoc creator/import/gnu/arm/5.4.1/bin/../lib/gcc/arm-none-eabi/5.4.1/../../../../arm-none-eabi/lib/armv7-m\libg_nano.a(lib_a-strtok.o)
 .ARM.attributes
                0x00000512       0x2d c:/program files (x86)/cypress/psoc creator/4.4/psoc creator/import/gnu/arm/5.4.1/bin/../lib/gcc/arm-none-eabi/5.4.1/../../../../arm-none-eabi/lib/armv7-m\libg_nano.a(lib_a-strtok_r.o)
 .ARM.attributes
                0x0000053f       0x2d c:/program files (x86)/cypress/psoc creator/4.4/psoc creator/import/gnu/arm/5.4.1/bin/../lib/gcc/arm-none-eabi/5.4.1/../../../../arm-none-eabi/lib/armv7-m\libg_nano.a(lib_a-malloc.o)
 .ARM.attributes
                0x0000056c       0x2d c:/program files (x86)/cypress/psoc creator/4.4/psoc creator/import/gnu/arm/5.4.1/bin/../lib/gcc/arm-none-eabi/5.4.1/../../../../arm-none-eabi/lib/armv7-m\libg_nano.a(lib_a-nano-freer.o)
 .ARM.attributes
                0x00000599       0x2d c:/program files (x86)/cypress/psoc creator/4.4/psoc creator/import/gnu/arm/5.4.1/bin/../lib/gcc/arm-none-eabi/5.4.1/../../../../arm-none-eabi/lib/armv7-m\libg_nano.a(lib_a-nano-mallocr.o)
 .ARM.attributes
                0x000005c6       0x2d c:/program files (x86)/cypress/psoc creator/4.4/psoc creator/import/gnu/arm/5.4.1/bin/../lib/gcc/arm-none-eabi/5.4.1/../../../../arm-none-eabi/lib/armv7-m\libg_nano.a(lib_a-nano-svfprintf.o)
 .ARM.attributes
                0x000005f3       0x2d c:/program files (x86)/cypress/psoc creator/4.4/psoc creator/import/gnu/arm/5.4.1/bin/../lib/gcc/arm-none-eabi/5.4.1/../../../../arm-none-eabi/lib/armv7-m\libg_nano.a(lib_a-nano-vfprintf_i.o)
 .ARM.attributes
                0x00000620       0x2d c:/program files (x86)/cypress/psoc creator/4.4/psoc creator/import/gnu/arm/5.4.1/bin/../lib/gcc/arm-none-eabi/5.4.1/../../../../arm-none-eabi/lib/armv7-m\libg_nano.a(lib_a-sbrkr.o)
 .ARM.attributes
                0x0000064d       0x2d c:/program files (x86)/cypress/psoc creator/4.4/psoc creator/import/gnu/arm/5.4.1/bin/../lib/gcc/arm-none-eabi/5.4.1/../../../../arm-none-eabi/lib/armv7-m\libg_nano.a(lib_a-memchr-stub.o)
 .ARM.attributes
                0x0000067a       0x2d c:/program files (x86)/cypress/psoc creator/4.4/psoc creator/import/gnu/arm/5.4.1/bin/../lib/gcc/arm-none-eabi/5.4.1/../../../../arm-none-eabi/lib/armv7-m\libg_nano.a(lib_a-memmove.o)
 .ARM.attributes
                0x000006a7       0x2d c:/program files (x86)/cypress/psoc creator/4.4/psoc creator/import/gnu/arm/5.4.1/bin/../lib/gcc/arm-none-eabi/5.4.1/../../../../arm-none-eabi/lib/armv7-m\libg_nano.a(lib_a-mlock.o)
 .ARM.attributes
                0x000006d4       0x2d c:/program files (x86)/cypress/psoc creator/4.4/psoc creator/import/gnu/arm/5.4.1/bin/../lib/gcc/arm-none-eabi/5.4.1/../../../../arm-none-eabi/lib/armv7-m\libg_nano.a(lib_a-nano-reallocr.o)
 .ARM.attributes
                0x00000701       0x2d c:/program files (x86)/cypress/psoc creator/4.4/psoc creator/import/gnu/arm/5.4.1/bin/../lib/gcc/arm-none-eabi/5.4.1/../../../../arm-none-eabi/lib/armv7-m\libg_nano.a(lib_a-reent.o)
 .ARM.attributes
                0x0000072e       0x2d c:/program files (x86)/cypress/psoc creator/4.4/psoc creator/import/gnu/arm/5.4.1/bin/../lib/gcc/arm-none-eabi/5.4.1/../../../../arm-none-eabi/lib/armv7-m\libg_nano.a(lib_a-nano-msizer.o)
 .ARM.attributes
                0x0000075b       0x2d c:/program files (x86)/cypress/psoc creator/4.4/psoc creator/import/gnu/arm/5.4.1/bin/../lib/gcc/arm-none-eabi/5.4.1/armv7-m/crtend.o
 .ARM.attributes
                0x00000788       0x1d c:/program files (x86)/cypress/psoc creator/4.4/psoc creator/import/gnu/arm/5.4.1/bin/../lib/gcc/arm-none-eabi/5.4.1/armv7-m/crtn.o

/DISCARD/
 *(.note.GNU-stack)
OUTPUT(C:\Users\Mark Hughes\Desktop\Work\WORK\WORK\Study\Cypress_Study\Study\GPS_ExtractV2.cydsn\CortexM3\ARM_GCC_541\Debug\GPS_ExtractV2.elf elf32-littlearm)
